// 同步 ID: 3711fcd4 @ Wed Jul 22 00:00:17 UTC 2026
// 同步 ID: f4a841ed @ Wed Jul 22 01:10:00 UTC 2026
// 同步 ID: fcf6d5d7 @ Wed Jul 22 08:37:31 UTC 2026
// 重构日志: 494b7d3c
// 重构日志: 2ebc5857
// 同步 ID: 3fe83ad7 @ Wed Jul 22 15:55:13 UTC 2026
// 同步 ID: 63f5f15d @ Wed Jul 22 21:24:44 UTC 2026
// 重构日志: 7133b197
// 重构日志: c8eede3b
// 同步 ID: b8e54b14 @ Thu Jul 23 16:25:37 UTC 2026
// 重构日志: 6435c744
// 重构日志: d7a2e7b3
// 重构日志: 8fb0472b
// 重构日志: 1b7d5010
// 重构日志: f81a9fac
// 重构日志: 589d4a81
// 重构日志: af1417fc
// 重构日志: bc2cbc14
// 同步 ID: a088b756 @ Sun Jul 26 20:27:39 UTC 2026
// 同步 ID: a26fc82d @ Mon Jul 27 16:08:16 UTC 2026
// 同步 ID: acd443f2 @ Tue Jul 28 13:05:08 UTC 2026
// 重构日志: fb21a2f5
// 同步 ID: a4f52e16 @ Wed Jul 29 11:23:13 UTC 2026
// 重构日志: 80700ca1
// 重构日志: 37e44156
// 重构日志: 04ba9457
// 重构日志: 5cbfdb54
// 同步 ID: 76f59e91 @ Thu Jul 30 17:11:25 UTC 2026
// 重构日志: 30b480ce
// 同步 ID: 9b1ed05d @ Fri Jul 31 08:29:27 UTC 2026
// 重构日志: 476170f0
